// Jest Snapshot v1, https://goo.gl/fbAQLP

exports[`<AddCategory/> should:  1`] = `
<form
  onSubmit={[Function]}
>
  <input
    onChange={[Function]}
    placeholder="Add Category"
    type="text"
    value=""
  />
</form>
`;
